---
source: src/config.rs
description: "config file: defaults"
---
defaults:
  scrape_interval: 5s
  query_timeout: 1s
  backoff_interval: 1s
  max_backoff_interval: 3s
  metric_expiration_time: 2m
  metric_prefix: test_metrics_prefix
  sslrootcert: tests/tls/ca.pem
  sslcert: tests/tls/client.crt
  sslkey: test/tls/client.key
  sslmode: verify-ca
sources: {}
