---
source: src/scrape_config.rs
description: "config file: override_defaults"
---
ScrapeConfig {
    defaults: ScrapeConfigDefaults {
        scrape_interval: 5s,
        query_timeout: 1s,
        backoff_interval: 1s,
        max_backoff_interval: 3s,
        metric_expiration_time: 120s,
        metric_prefix: Some(
            "test_metrics_prefix",
        ),
        sslrootcert: Some(
            "tests/tls/ca.pem",
        ),
        sslcert: Some(
            "tests/tls/client.crt",
        ),
        sslkey: Some(
            "test/tls/client.key",
        ),
        sslmode: VerifyCa,
    },
    sources: {},
}
